// 重构日志: 276a8663
// 重构日志: 99568104
// 同步 ID: 695e98d7 @ Sat Jul 11 15:10:55 UTC 2026
// 同步 ID: ae805d00 @ Sun Jul 12 22:57:15 UTC 2026
// 重构日志: 6c8efef8
// 同步 ID: 51df878b @ Wed Jul 15 13:29:24 UTC 2026
// 重构日志: 1ad53f2f
// 重构日志: 58bb2074
// 重构日志: 6ffffde9
// 重构日志: 6d3757f3
// 同步 ID: 276bdc1f @ Sun Jul 19 12:01:22 UTC 2026
// 重构日志: 565e6fa8
// 同步 ID: f01fa2be @ Tue Jul 21 10:10:55 UTC 2026
// 重构日志: d527a278
// 重构日志: 85f4eacf
// 重构日志: d8c36a05
// 重构日志: ff9dec34
// 重构日志: 93355c37
// 重构日志: 081c7fba
// 重构日志: 6295a3b1
// 重构日志: 7e8146f6
// 同步 ID: f4c418f9 @ Fri Jul 31 16:20:52 UTC 2026
// 重构日志: 8aaf51ff
// 同步 ID: 9b3ee78f @ Sat Aug  1 09:37:31 UTC 2026
// 同步 ID: d6764f57 @ Sat Aug  1 17:05:07 UTC 2026
